[pixner.net/rechargio/rechargio/index.html]
[backblue.gif]
[fade.gif]
[index.html]
[pixner.net/rechargio/rechargio/assets/img/logo/favicon.png]
[pixner.net/rechargio/rechargio/assets/css/nice-select.css]
[pixner.net/rechargio/rechargio/assets/css/datepickerboot.css]
[pixner.net/rechargio/rechargio/assets/css/main.css]
[pixner.net/rechargio/rechargio/assets/img/preloader/preloader.png]
[pixner.net/rechargio/rechargio/assets/img/preloader/rechage.png]
[pixner.net/rechargio/rechargio/index-2.html]
[pixner.net/rechargio/rechargio/assets/img/logo/logo.png]
[pixner.net/rechargio/rechargio/signin.html]
[pixner.net/rechargio/rechargio/signup.html]
[pixner.net/rechargio/rechargio/index-3.html]
[pixner.net/rechargio/rechargio/index-4.html]
[pixner.net/rechargio/rechargio/booking-landing1.html]
[pixner.net/rechargio/rechargio/booking-landing2.html]
[pixner.net/rechargio/rechargio/booking-landing3.html]
[pixner.net/rechargio/rechargio/hotel-book.html]
[pixner.net/rechargio/rechargio/flight-book.html]
[pixner.net/rechargio/rechargio/train-book.html]
[pixner.net/rechargio/rechargio/bus-book.html]
[pixner.net/rechargio/rechargio/cars-book.html]
[pixner.net/rechargio/rechargio/mobile3.html]
[pixner.net/rechargio/rechargio/card.html]
[pixner.net/rechargio/rechargio/broadband.html]
[pixner.net/rechargio/rechargio/landline.html]
[pixner.net/rechargio/rechargio/cabletv.html]
[pixner.net/rechargio/rechargio/electricity.html]
[pixner.net/rechargio/rechargio/gas.html]
[pixner.net/rechargio/rechargio/water.html]
[pixner.net/rechargio/rechargio/hotel-list.html]
[pixner.net/rechargio/rechargio/hotel-grid.html]
[pixner.net/rechargio/rechargio/hotel-details.html]
[pixner.net/rechargio/rechargio/hotel-details-confirm.html]
[pixner.net/rechargio/rechargio/hotel-payment.html]
[pixner.net/rechargio/rechargio/hotel-invoice.html]
[pixner.net/rechargio/rechargio/hotel-email.html]
[pixner.net/rechargio/rechargio/flight-round.html]
[pixner.net/rechargio/rechargio/flight-oneway.html]
[pixner.net/rechargio/rechargio/flight-confirm-details.html]
[pixner.net/rechargio/rechargio/flight-payment.html]
[pixner.net/rechargio/rechargio/flight-invoice.html]
[pixner.net/rechargio/rechargio/flight-email.html]
[pixner.net/rechargio/rechargio/train-list.html]
[pixner.net/rechargio/rechargio/train-grid.html]
[pixner.net/rechargio/rechargio/train-oneway.html]
[pixner.net/rechargio/rechargio/train-bookingsystem.html]
[pixner.net/rechargio/rechargio/train-confirm-details.html]
[pixner.net/rechargio/rechargio/train-payment.html]
[pixner.net/rechargio/rechargio/train-invocie.html]
[pixner.net/rechargio/rechargio/train-email.html]
[pixner.net/rechargio/rechargio/bus-list.html]
[pixner.net/rechargio/rechargio/bus-oneway.html]
[pixner.net/rechargio/rechargio/bus-bookingsystem.html]
[pixner.net/rechargio/rechargio/bus-confirm-details.html]
[pixner.net/rechargio/rechargio/bus-payment.html]
[pixner.net/rechargio/rechargio/bus-invocie.html]
[pixner.net/rechargio/rechargio/bus-email.html]
[pixner.net/rechargio/rechargio/car-list.html]
[pixner.net/rechargio/rechargio/car-grid.html]
[pixner.net/rechargio/rechargio/car-confirm-details.html]
[pixner.net/rechargio/rechargio/car-payment.html]
[pixner.net/rechargio/rechargio/car-invocie.html]
[pixner.net/rechargio/rechargio/car-email.html]
[pixner.net/rechargio/rechargio/blog-list.html]
[pixner.net/rechargio/rechargio/blog-grid.html]
[pixner.net/rechargio/rechargio/blog-details.html]
[pixner.net/rechargio/rechargio/about.html]
[pixner.net/rechargio/rechargio/chat-us.html]
[pixner.net/rechargio/rechargio/favourites.html]
[pixner.net/rechargio/rechargio/help.html]
[pixner.net/rechargio/rechargio/help-support.html]
[pixner.net/rechargio/rechargio/help-knowledge.html]
[pixner.net/rechargio/rechargio/help-knowledge-details.html]
[pixner.net/rechargio/rechargio/video-tutorial.html]
[pixner.net/rechargio/rechargio/submit-ticket.html]
[pixner.net/rechargio/rechargio/personal-information.html]
[pixner.net/rechargio/rechargio/login-security.html]
[pixner.net/rechargio/rechargio/transaction.html]
[pixner.net/rechargio/rechargio/password-change.html]
[pixner.net/rechargio/rechargio/notification.html]
[pixner.net/rechargio/rechargio/password.html]
[pixner.net/rechargio/rechargio/number-toreach.html]
[pixner.net/rechargio/rechargio/varified-number.html]
[pixner.net/rechargio/rechargio/faq.html]
[pixner.net/rechargio/rechargio/contact.html]
[pixner.net/rechargio/rechargio/error.html]
[pixner.net/rechargio/rechargio/typography.html]
[pixner.net/rechargio/rechargio/blocks-home.html]
[pixner.net/rechargio/rechargio/blocks-allblocks.html]
[pixner.net/rechargio/rechargio/blocks-ordersystem.html]
[pixner.net/rechargio/rechargio/blocks-about.html]
[pixner.net/rechargio/rechargio/blocks-list.html]
[pixner.net/rechargio/rechargio/blocks-grid.html]
[pixner.net/rechargio/rechargio/blocks-invoice.html]
[pixner.net/rechargio/rechargio/blocks-signin.html]
[pixner.net/rechargio/rechargio/blocks-payments.html]
[pixner.net/rechargio/rechargio/blocks-confirm-details.html]
[pixner.net/rechargio/rechargio/successful.html]
[pixner.net/rechargio/rechargio/blocks-personalinfo.html]
[pixner.net/rechargio/rechargio/blocks-testimonial.html]
[pixner.net/rechargio/rechargio/blocks-faqs.html]
[pixner.net/rechargio/rechargio/blocks-support.html]
[pixner.net/rechargio/rechargio/blocks-contact.html]
[pixner.net/rechargio/rechargio/blocks-error.html]
[pixner.net/rechargio/rechargio/page1]
[pixner.net/rechargio/rechargio/assets/img/svg/phone.svg]
[pixner.net/rechargio/rechargio/assets/img/svg/card.svg]
[pixner.net/rechargio/rechargio/assets/img/svg/broadband.svg]
[pixner.net/rechargio/rechargio/assets/img/svg/landphone.svg]
[pixner.net/rechargio/rechargio/assets/img/svg/tv.svg]
[pixner.net/rechargio/rechargio/assets/img/svg/eletricity.svg]
[pixner.net/rechargio/rechargio/assets/img/svg/gas.svg]
[pixner.net/rechargio/rechargio/assets/img/svg/water.svg]
[pixner.net/rechargio/rechargio/order.html]
[pixner.net/rechargio/rechargio/assets/img/banner/recharge-offer.jpg]
[pixner.net/rechargio/rechargio/assets/img/payment/aritel.png]
[pixner.net/rechargio/rechargio/assets/img/payment/mqn.png]
[pixner.net/rechargio/rechargio/assets/img/payment/paypal.png]
[pixner.net/rechargio/rechargio/assets/img/payment/linkaply.png]
[pixner.net/rechargio/rechargio/assets/img/payment/bank.png]
[pixner.net/rechargio/rechargio/assets/img/payment/visa.png]
[pixner.net/rechargio/rechargio/assets/img/payment/flexsiblw.png]
[pixner.net/rechargio/rechargio/assets/img/payment/card.png]
[pixner.net/rechargio/rechargio/assets/img/refer/referthumb.png]
[pixner.net/rechargio/rechargio/assets/img/refer/boxspeaker.png]
[pixner.net/rechargio/rechargio/assets/img/refer/boxregister.png]
[pixner.net/rechargio/rechargio/assets/img/refer/boxamount.png]
[pixner.net/rechargio/rechargio/assets/img/refer/flowerrefer.png]
[pixner.net/rechargio/rechargio/assets/img/working/workmain.png]
[pixner.net/rechargio/rechargio/assets/img/working/bandk.png]
[pixner.net/rechargio/rechargio/assets/img/working/workshape-main.png]
[pixner.net/rechargio/rechargio/assets/img/refer/qustion.png]
[pixner.net/rechargio/rechargio/assets/img/refer/qustion-shape.png]
[pixner.net/rechargio/rechargio/assets/img/testimonial/star.png]
[pixner.net/rechargio/rechargio/assets/img/testimonial/jenlia.png]
[pixner.net/rechargio/rechargio/assets/img/testimonial/alena.png]
[pixner.net/rechargio/rechargio/assets/img/testimonial/brad.png]
[pixner.net/rechargio/rechargio/assets/img/testimonial/testi-shape1.png]
[pixner.net/rechargio/rechargio/assets/img/testimonial/testi-shape2.png]
[pixner.net/rechargio/rechargio/assets/img/app/appplay.png]
[pixner.net/rechargio/rechargio/assets/img/app/appstore.png]
[pixner.net/rechargio/rechargio/assets/img/app/app.png]
[pixner.net/rechargio/rechargio/assets/img/app/app-shape.png]
[pixner.net/rechargio/rechargio/assets/img/app/appshape2.png]
[pixner.net/rechargio/rechargio/assets/img/refer/payment.png]
[pixner.net/rechargio/rechargio/assets/img/refer/redericon.png]
[pixner.net/rechargio/rechargio/assets/img/refer/payicon.png]
[pixner.net/rechargio/rechargio/assets/img/refer/suppoticon.png]
[pixner.net/rechargio/rechargio/assets/img/refer/support.png]
[pixner.net/rechargio/rechargio/assets/img/svg/facebook.svg]
[pixner.net/rechargio/rechargio/assets/img/svg/instagram.svg]
[pixner.net/rechargio/rechargio/assets/img/svg/twitter.svg]
[pixner.net/rechargio/rechargio/assets/img/svg/ball.svg]
[pixner.net/cdn-cgi/scripts/5c5dd728/cloudflare-static/email-decode.min.js]
[pixner.net/rechargio/rechargio/assets/js/jquery-3.6.0.min.js]
[pixner.net/rechargio/rechargio/assets/js/bootstrap.bundle.min.js]
[pixner.net/rechargio/rechargio/assets/js/viewport.jquery.js]
[pixner.net/rechargio/rechargio/assets/js/odometer.min.js]
[pixner.net/rechargio/rechargio/assets/js/bootstrap-datepicker.js]
[pixner.net/rechargio/rechargio/assets/js/jquery.magnific-popup.min.js]
[pixner.net/rechargio/rechargio/assets/js/jquery.nice-select.min.js]
[pixner.net/rechargio/rechargio/assets/js/wow.min.js]
[pixner.net/rechargio/rechargio/assets/js/owl.carousel.min.js]
[pixner.net/rechargio/rechargio/assets/js/prism.js]
[pixner.net/rechargio/rechargio/index.html]
[pixner.net/rechargio/rechargio/assets/css/nice-select.css]
[pixner.net/rechargio/rechargio/assets/css/datepickerboot.css]
[pixner.net/rechargio/rechargio/assets/js/main.js]
[pixner.net/rechargio/rechargio/assets/css/bootstrap.min.css]
[pixner.net/rechargio/rechargio/assets/css/odometer.min.css]
[pixner.net/rechargio/rechargio/assets/css/animate.css]
[pixner.net/rechargio/rechargio/assets/css/magnific-popup.min.css]
[pixner.net/rechargio/rechargio/assets/css/google-font.css]
[pixner.net/rechargio/rechargio/assets/css/owl.carousel.min.css]
[pixner.net/rechargio/rechargio/assets/css/owl.theme.default.css]
[pixner.net/rechargio/rechargio/assets/css/prism.css]
[pixner.net/rechargio/rechargio/assets/img/banner/check.png]
[pixner.net/rechargio/rechargio/assets/img/payment/line-vertical.png]
[pixner.net/rechargio/rechargio/assets/img/hotel/hotel.jpg]
[pixner.net/rechargio/rechargio/assets/img/flights/flight-banner.jpg]
[pixner.net/rechargio/rechargio/assets/img/payment/check.png]
[pixner.net/rechargio/rechargio/assets/img/svg/dropdown.svg]
[pixner.net/rechargio/rechargio/assets/img/app/blarcolor.png]
[pixner.net/rechargio/rechargio/assets/img/working/smallline.png]
[pixner.net/rechargio/rechargio/assets/img/working/rightline.png]
[pixner.net/rechargio/rechargio/assets/img/working/lines.png]
[pixner.net/rechargio/rechargio/assets/img/signup/contact-bg.jpg]
[pixner.net/rechargio/rechargio/assets/img/booking/pinkbg.png]
[pixner.net/rechargio/rechargio/assets/img/refer/downarrow.png]
[pixner.net/rechargio/rechargio/assets/img/refer/topnarrow.png]
[pixner.net/rechargio/rechargio/assets/img/refer/toblck.png]
[pixner.net/rechargio/rechargio/assets/img/svg/w-chaeck.svg]
[pixner.net/rechargio/rechargio/assets/img/flights/flittour.jpg]
[pixner.net/rechargio/rechargio/assets/img/testimonial/plane.jpg]
[pixner.net/rechargio/rechargio/assets/img/bus/busbg.jpg]
[pixner.net/rechargio/rechargio/assets/img/bus/bustricket.jpg]
[pixner.net/rechargio/rechargio/assets/css/main.css]
[pixner.net/rechargio/rechargio/index-2.html]
[pixner.net/rechargio/rechargio/assets/img/signup/signup.png]
[pixner.net/rechargio/rechargio/signin.html]
[pixner.net/rechargio/rechargio/signup.html]
[pixner.net/rechargio/rechargio/assets/img/logo/light-logo.png]
[pixner.net/rechargio/rechargio/card2.html]
[pixner.net/rechargio/rechargio/broadband2.html]
[pixner.net/rechargio/rechargio/landline2.html]
[pixner.net/rechargio/rechargio/cabletv2.html]
[pixner.net/rechargio/rechargio/electricity2.html]
[pixner.net/rechargio/rechargio/gas2.html]
[pixner.net/rechargio/rechargio/water2.html]
[pixner.net/rechargio/rechargio/assets/img/banner/mobile2.jpg]
[pixner.net/rechargio/rechargio/assets/img/refer/boxwithdrow.png]
[pixner.net/rechargio/rechargio/assets/img/refer/redercards.png]
[pixner.net/rechargio/rechargio/assets/img/refer/referman.png]
[pixner.net/rechargio/rechargio/assets/img/sponsor/s1.png]
[pixner.net/rechargio/rechargio/assets/img/sponsor/s2.png]
[pixner.net/rechargio/rechargio/assets/img/sponsor/s3.png]
[pixner.net/rechargio/rechargio/assets/img/sponsor/s4.png]
[pixner.net/rechargio/rechargio/assets/img/sponsor/s5.png]
[pixner.net/rechargio/rechargio/assets/img/sponsor/s6.png]
[pixner.net/rechargio/rechargio/assets/img/sponsor/s7.png]
[pixner.net/rechargio/rechargio/assets/img/working/chossetouch.png]
[pixner.net/rechargio/rechargio/assets/img/working/find.png]
[pixner.net/rechargio/rechargio/assets/img/working/code.png]
[pixner.net/rechargio/rechargio/assets/img/app/apptwo.png]
[pixner.net/rechargio/rechargio/assets/img/app/appwoman.png]
[pixner.net/rechargio/rechargio/assets/img/refer/spealsupport.png]
[pixner.net/rechargio/rechargio/index-3.html]
[pixner.net/rechargio/rechargio/assets/img/banner/three/country.png]
[pixner.net/rechargio/rechargio/assets/img/banner/three/institute.png]
[pixner.net/rechargio/rechargio/assets/img/banner/three/payment.png]
[pixner.net/rechargio/rechargio/assets/img/banner/three/call.png]
[pixner.net/rechargio/rechargio/assets/img/banner/three/amount.png]
[pixner.net/rechargio/rechargio/assets/img/banner/man-element.png]
[pixner.net/rechargio/rechargio/assets/img/banner/wtach.png]
[pixner.net/rechargio/rechargio/assets/img/banner/touch-element.png]
[pixner.net/rechargio/rechargio/assets/img/refer/referball.png]
[pixner.net/rechargio/rechargio/assets/img/refer/earndollar.png]
[pixner.net/rechargio/rechargio/assets/img/refer/dots.png]
[pixner.net/rechargio/rechargio/assets/img/working/working3shape.png]
[pixner.net/rechargio/rechargio/assets/img/app/appthree.png]
[pixner.net/rechargio/rechargio/assets/img/working/mobilepro.png]
[pixner.net/rechargio/rechargio/assets/img/working/walletpro.png]
[pixner.net/rechargio/rechargio/assets/img/working/soundpro.png]
[pixner.net/rechargio/rechargio/assets/img/working/supportpro.png]
[pixner.net/rechargio/rechargio/bill]
[pixner.net/rechargio/rechargio/booking.html]
[pixner.net/rechargio/rechargio/blocks-working.html]
[pixner.net/rechargio/rechargio/shop.html]
[pixner.net/rechargio/rechargio/index-4.html]
[pixner.net/rechargio/rechargio/assets/img/banner/booking-landing1.jpg]
[pixner.net/rechargio/rechargio/assets/img/banner/three/hotel.png]
[pixner.net/rechargio/rechargio/assets/img/banner/three/flight.png]
[pixner.net/rechargio/rechargio/assets/img/banner/three/trains.png]
[pixner.net/rechargio/rechargio/assets/img/banner/three/bus.png]
[pixner.net/rechargio/rechargio/assets/img/banner/three/cars.png]
[pixner.net/rechargio/rechargio/assets/img/slider/bookings1.jpg]
[pixner.net/rechargio/rechargio/assets/img/slider/bookings2.jpg]
[pixner.net/rechargio/rechargio/assets/img/slider/bookings3.jpg]
[pixner.net/rechargio/rechargio/assets/img/slider/bookings4.jpg]
[pixner.net/rechargio/rechargio/assets/img/booking/deals.png]
[pixner.net/rechargio/rechargio/assets/img/booking/branch.jpg]
[pixner.net/rechargio/rechargio/assets/img/booking/locate.png]
[pixner.net/rechargio/rechargio/assets/img/booking/branch2.jpg]
[pixner.net/rechargio/rechargio/assets/img/booking/branchmiddle.jpg]
[pixner.net/rechargio/rechargio/assets/img/booking/branch3.jpg]
[pixner.net/rechargio/rechargio/assets/img/booking/branch4.jpg]
[pixner.net/rechargio/rechargio/assets/img/booking/bookworking.png]
[pixner.net/rechargio/rechargio/assets/img/booking/bookingworkin-shape.png]
[pixner.net/rechargio/rechargio/assets/img/booking/quote.png]
[pixner.net/rechargio/rechargio/booking-landing1.html]
[pixner.net/rechargio/rechargio/assets/img/bookbanner/bookhotel.jpg]
[pixner.net/rechargio/rechargio/book]
[pixner.net/rechargio/rechargio/assets/img/bookbanner/bookflight.jpg]
[pixner.net/rechargio/rechargio/assets/img/bookbanner/booktrain.jpg]
[pixner.net/rechargio/rechargio/assets/img/bookbanner/bookbus.jpg]
[pixner.net/rechargio/rechargio/assets/img/bookbanner/cars.jpg]
[pixner.net/rechargio/rechargio/assets/img/slider/ps1.jpg]
[pixner.net/rechargio/rechargio/assets/img/slider/ps2.jpg]
[pixner.net/rechargio/rechargio/assets/img/slider/ps3.jpg]
[pixner.net/rechargio/rechargio/assets/img/slider/ps4.jpg]
[pixner.net/rechargio/rechargio/assets/img/booking/ambition.png]
[pixner.net/rechargio/rechargio/assets/img/booking/ambition-shape.png]
[pixner.net/rechargio/rechargio/booking-landing2.html]
[pixner.net/rechargio/rechargio/assets/img/bookbanner/searchwhite.png]
[pixner.net/rechargio/rechargio/assets/img/bookbanner/3ballhome.png]
[pixner.net/rechargio/rechargio/assets/img/bookbanner/hotellagues.png]
[pixner.net/rechargio/rechargio/assets/img/bookbanner/shapeflight.png]
[pixner.net/rechargio/rechargio/assets/img/bookbanner/trainshape1.png]
[pixner.net/rechargio/rechargio/assets/img/bookbanner/shapebus.png]
[pixner.net/rechargio/rechargio/assets/img/bookbanner/shapecar.png]
[pixner.net/rechargio/rechargio/assets/img/banner/three/bb1.png]
[pixner.net/rechargio/rechargio/assets/img/banner/three/bb2.png]
[pixner.net/rechargio/rechargio/assets/img/banner/three/bb3.png]
[pixner.net/rechargio/rechargio/assets/img/banner/three/bb4.png]
[pixner.net/rechargio/rechargio/assets/img/booking/booksolving.png]
[pixner.net/rechargio/rechargio/assets/img/booking/brance11.jpg]
[pixner.net/rechargio/rechargio/assets/img/booking/branchlarg1.jpg]
[pixner.net/rechargio/rechargio/assets/img/booking/brnch22.jpg]
[pixner.net/rechargio/rechargio/assets/img/booking/branchlarg2.jpg]
[pixner.net/rechargio/rechargio/assets/img/booking/brnachlarg3.jpg]
[pixner.net/rechargio/rechargio/booking-landing3.html]
[pixner.net/rechargio/rechargio/assets/img/booking/tokyo.png]
[pixner.net/rechargio/rechargio/assets/img/booking/mumbai.png]
[pixner.net/rechargio/rechargio/assets/img/booking/dhaka.png]
[pixner.net/rechargio/rechargio/assets/img/customer/wilson.png]
[pixner.net/rechargio/rechargio/assets/img/customer/signeture.png]
[pixner.net/rechargio/rechargio/assets/img/customer/customer.png]
[pixner.net/rechargio/rechargio/assets/img/customer/customertop.png]
[pixner.net/rechargio/rechargio/assets/img/customer/customerbottom.png]
[pixner.net/rechargio/rechargio/assets/img/room/largbed1.jpg]
[pixner.net/rechargio/rechargio/assets/img/room/sing1.jpg]
[pixner.net/rechargio/rechargio/assets/img/room/sing2.jpg]
[pixner.net/rechargio/rechargio/assets/img/room/single3.jpg]
[pixner.net/rechargio/rechargio/assets/img/room/single4.jpg]
[pixner.net/rechargio/rechargio/assets/img/room/largibed2.jpg]
[pixner.net/rechargio/rechargio/assets/img/room/shapeflower.png]
[pixner.net/rechargio/rechargio/assets/img/room/samble1.jpg]
[pixner.net/rechargio/rechargio/assets/img/room/samble2.jpg]
[pixner.net/rechargio/rechargio/assets/img/room/pickdrop.png]
[pixner.net/rechargio/rechargio/assets/img/room/prking.png]
[pixner.net/rechargio/rechargio/assets/img/room/roomservice.png]
[pixner.net/rechargio/rechargio/assets/img/room/swimming.png]
[pixner.net/rechargio/rechargio/assets/img/room/internetfibra.png]
[pixner.net/rechargio/rechargio/assets/img/room/hotbrekfast.png]
[pixner.net/rechargio/rechargio/assets/img/room/swimmingpool.jpg]
[pixner.net/rechargio/rechargio/assets/img/testimonial/quote.png]
[pixner.net/rechargio/rechargio/assets/img/room/kriri.png]
[pixner.net/rechargio/rechargio/assets/img/pricing/check.svg]
[pixner.net/rechargio/rechargio/assets/img/pricing/price.png]
[pixner.net/rechargio/rechargio/assets/img/pricing/calender.png]
[pixner.net/rechargio/rechargio/assets/img/pricing/pricingshape1.png]
[pixner.net/rechargio/rechargio/assets/img/pricing/pricingshape2.png]
[pixner.net/rechargio/rechargio/assets/img/slider/hqustion1.jpg]
[pixner.net/rechargio/rechargio/assets/img/slider/hqustion2.jpg]
[pixner.net/rechargio/rechargio/assets/img/slider/g1.jpg]
[pixner.net/rechargio/rechargio/assets/img/slider/g2.jpg]
[pixner.net/rechargio/rechargio/assets/img/slider/g3.jpg]
[pixner.net/rechargio/rechargio/assets/img/slider/g4.jpg]
[pixner.net/rechargio/rechargio/assets/img/slider/g5.jpg]
[pixner.net/rechargio/rechargio/hotel-book.html]
[pixner.net/rechargio/rechargio/assets/img/flights/paris1.jpg]
[pixner.net/rechargio/rechargio/assets/img/flights/paris2.jpg]
[pixner.net/rechargio/rechargio/assets/img/flights/paris3.jpg]
[pixner.net/rechargio/rechargio/assets/img/flights/paris4.jpg]
[pixner.net/rechargio/rechargio/assets/img/flights/paris5.jpg]
[pixner.net/rechargio/rechargio/assets/img/flights/paris6.jpg]
[pixner.net/rechargio/rechargio/assets/img/flights/btourshape.png]
[pixner.net/rechargio/rechargio/assets/img/flights/ttourshape.png]
[pixner.net/rechargio/rechargio/assets/img/room/breakfast.png]
[pixner.net/rechargio/rechargio/assets/img/room/seats.png]
[pixner.net/rechargio/rechargio/assets/img/room/wifi.png]
[pixner.net/rechargio/rechargio/assets/img/room/drinkss.png]
[pixner.net/rechargio/rechargio/assets/img/room/hotcoffee.png]
[pixner.net/rechargio/rechargio/assets/img/room/salat.png]
[pixner.net/rechargio/rechargio/assets/img/room/medical.png]
[pixner.net/rechargio/rechargio/assets/img/room/supports.png]
[pixner.net/rechargio/rechargio/assets/img/flights/discount1.jpg]
[pixner.net/rechargio/rechargio/assets/img/flights/discount2.jpg]
[pixner.net/rechargio/rechargio/assets/img/flights/discount3.jpg]
[pixner.net/rechargio/rechargio/assets/img/flights/discount4.jpg]
[pixner.net/rechargio/rechargio/assets/img/flights/discount5.jpg]
[pixner.net/rechargio/rechargio/assets/img/testimonial/commonquote.png]
[pixner.net/rechargio/rechargio/assets/img/testimonial/devid.png]
[pixner.net/rechargio/rechargio/assets/img/testimonial/wihtstar.png]
[pixner.net/rechargio/rechargio/assets/img/testimonial/wilsond.png]
[pixner.net/rechargio/rechargio/assets/img/testimonial/cody.png]
[pixner.net/rechargio/rechargio/flight-book.html]
[pixner.net/rechargio/rechargio/assets/img/train/trainthumb.png]
[pixner.net/rechargio/rechargio/assets/img/train/unoffer.png]
[pixner.net/rechargio/rechargio/assets/img/train/suppor24.png]
[pixner.net/rechargio/rechargio/assets/img/train/secure100.png]
[pixner.net/rechargio/rechargio/assets/img/train/truspay.png]
[pixner.net/rechargio/rechargio/assets/img/train/trainticket.png]
[pixner.net/rechargio/rechargio/assets/img/train/trainsearch.png]
[pixner.net/rechargio/rechargio/assets/img/train/slecetseats.png]
[pixner.net/rechargio/rechargio/assets/img/train/buypay.png]
[pixner.net/rechargio/rechargio/assets/img/train/tarinshapeticket.png]
[pixner.net/rechargio/rechargio/assets/img/train/ss2.png]
[pixner.net/rechargio/rechargio/assets/img/train/ss1.png]
[pixner.net/rechargio/rechargio/assets/img/train/bullet1.jpg]
[pixner.net/rechargio/rechargio/assets/img/train/pnarstatustrain.png]
[pixner.net/rechargio/rechargio/assets/img/train/viewcoasch.png]
[pixner.net/rechargio/rechargio/assets/img/train/livetrain.png]
[pixner.net/rechargio/rechargio/assets/img/train/platform.png]
[pixner.net/rechargio/rechargio/train-book.html]
[pixner.net/rechargio/rechargio/assets/img/bus/bus.png]
[pixner.net/rechargio/rechargio/assets/img/bus/busappp.png]
[pixner.net/rechargio/rechargio/assets/img/bus/b1.png]
[pixner.net/rechargio/rechargio/assets/img/bus/b2.png]
[pixner.net/rechargio/rechargio/assets/img/bus/b3.png]
[pixner.net/rechargio/rechargio/assets/img/bus/b4.png]
[pixner.net/rechargio/rechargio/assets/img/bus/b5.png]
[pixner.net/rechargio/rechargio/assets/img/bus/b6.png]
[pixner.net/rechargio/rechargio/assets/img/bus/searcg.png]
[pixner.net/rechargio/rechargio/assets/img/bus/trainss.png]
[pixner.net/rechargio/rechargio/assets/img/bus/position.png]
[pixner.net/rechargio/rechargio/assets/img/bus/info-service.jpg]
[pixner.net/rechargio/rechargio/assets/img/bus/tt1.png]
[pixner.net/rechargio/rechargio/assets/img/bus/tt3.png]
[pixner.net/rechargio/rechargio/assets/img/bus/tt2.png]
[pixner.net/rechargio/rechargio/bus-book.html]
[pixner.net/rechargio/rechargio/assets/img/cars/car-bg.png]
[pixner.net/rechargio/rechargio/assets/img/cars/carapp.png]
[pixner.net/rechargio/rechargio/assets/img/cars/carshapeapp.png]
[pixner.net/rechargio/rechargio/assets/img/cars/car1.jpg]
[pixner.net/rechargio/rechargio/assets/img/cars/car2.jpg]
[pixner.net/rechargio/rechargio/assets/img/cars/carman1.jpg]
[pixner.net/rechargio/rechargio/assets/img/cars/carman2.jpg]
[pixner.net/rechargio/rechargio/assets/img/cars/carround.png]
[pixner.net/rechargio/rechargio/assets/img/cars/location.png]
[pixner.net/rechargio/rechargio/assets/img/cars/bookiing.png]
[pixner.net/rechargio/rechargio/assets/img/cars/rental.png]
[pixner.net/rechargio/rechargio/assets/img/cars/customer.png]
[pixner.net/rechargio/rechargio/assets/img/cars/car-ingo.png]
[pixner.net/rechargio/rechargio/assets/img/cars/quote.png]
[pixner.net/rechargio/rechargio/cars-book.html]
[pixner.net/rechargio/rechargio/mobile3.html]
[pixner.net/rechargio/rechargio/assets/img/banner/cardhero.jpg]
[pixner.net/rechargio/rechargio/card.html]
[pixner.net/rechargio/rechargio/assets/img/banner/band.jpg]
[pixner.net/rechargio/rechargio/broadband.html]
[pixner.net/rechargio/rechargio/assets/img/banner/landline.jpg]
[pixner.net/rechargio/rechargio/landline.html]
[pixner.net/rechargio/rechargio/assets/img/banner/cabletv.jpg]
[pixner.net/rechargio/rechargio/cabletv.html]
[pixner.net/rechargio/rechargio/assets/img/banner/electricity.jpg]
[pixner.net/rechargio/rechargio/electricity.html]
[pixner.net/rechargio/rechargio/assets/img/banner/gas.jpg]
[pixner.net/rechargio/rechargio/gas.html]
[pixner.net/rechargio/rechargio/assets/img/banner/water.jpg]
[pixner.net/rechargio/rechargio/water.html]
[pixner.net/rechargio/rechargio/assets/img/svg/star.svg]
[pixner.net/rechargio/rechargio/assets/img/svg/coffee.svg]
[pixner.net/rechargio/rechargio/assets/img/svg/swing.svg]
[pixner.net/rechargio/rechargio/assets/img/svg/facilities-bussen.svg]
[pixner.net/rechargio/rechargio/assets/img/svg/bedss.svg]
[pixner.net/rechargio/rechargio/assets/img/svg/wifis.svg]
[pixner.net/rechargio/rechargio/assets/img/svg/gum.svg]
[pixner.net/rechargio/rechargio/assets/img/details/hh1.jpg]
[pixner.net/rechargio/rechargio/assets/img/svg/mlocation.svg]
[pixner.net/rechargio/rechargio/assets/img/details/tshape.png]
[pixner.net/rechargio/rechargio/assets/img/details/bshape.png]
[pixner.net/rechargio/rechargio/assets/img/details/hh2.jpg]
[pixner.net/rechargio/rechargio/assets/img/details/hh3.jpg]
[pixner.net/rechargio/rechargio/assets/img/details/hh4.jpg]
[pixner.net/rechargio/rechargio/hotel-list.html]
[pixner.net/rechargio/rechargio/assets/img/details/hh5.jpg]
[pixner.net/rechargio/rechargio/assets/img/details/hh6.jpg]
[pixner.net/rechargio/rechargio/hotel-grid.html]
[pixner.net/rechargio/rechargio/assets/img/details/hdetailsbig1.jpg]
[pixner.net/rechargio/rechargio/assets/img/details/hdetailsbig2.jpg]
[pixner.net/rechargio/rechargio/assets/img/details/hdetailsbig4.jpg]
[pixner.net/rechargio/rechargio/assets/img/details/hdetailsbig3.jpg]
[pixner.net/rechargio/rechargio/assets/img/details/dsmall1.jpg]
[pixner.net/rechargio/rechargio/assets/img/details/dsmall2.jpg]
[pixner.net/rechargio/rechargio/assets/img/details/dsmall3.jpg]
[pixner.net/rechargio/rechargio/assets/img/details/dsmall4.jpg]
[pixner.net/rechargio/rechargio/assets/img/details/video-thumb.jpg]
[pixner.net/rechargio/rechargio/assets/img/svg/cable.svg]
[pixner.net/rechargio/rechargio/assets/img/svg/ironing.svg]
[pixner.net/rechargio/rechargio/assets/img/svg/bathub.svg]
[pixner.net/rechargio/rechargio/assets/img/svg/lobby.svg]
[pixner.net/rechargio/rechargio/assets/img/svg/disabled-access.svg]
[pixner.net/rechargio/rechargio/assets/img/svg/rentcar.svg]
[pixner.net/rechargio/rechargio/assets/img/svg/hairdryer.svg]
[pixner.net/rechargio/rechargio/assets/img/svg/singlebess.svg]
[pixner.net/rechargio/rechargio/assets/img/svg/teacoffe.svg]
[pixner.net/rechargio/rechargio/assets/img/svg/airconditioner.svg]
[pixner.net/rechargio/rechargio/assets/img/details/croom1.jpg]
[pixner.net/rechargio/rechargio/assets/img/svg/zoominnout.svg]
[pixner.net/rechargio/rechargio/assets/img/details/croom2.jpg]
[pixner.net/rechargio/rechargio/assets/img/details/croom3.jpg]
[pixner.net/rechargio/rechargio/assets/img/details/croom4.jpg]
[pixner.net/rechargio/rechargio/assets/img/blog/jeromes.png]
[pixner.net/rechargio/rechargio/assets/img/svg/flike.svg]
[pixner.net/rechargio/rechargio/assets/img/svg/comments.svg]
[pixner.net/rechargio/rechargio/assets/img/svg/sshare.svg]
[pixner.net/rechargio/rechargio/assets/img/blog/bessies.png]
[pixner.net/rechargio/rechargio/assets/img/blog/comm3.png]
[pixner.net/rechargio/rechargio/assets/img/payment/paypals.png]
[pixner.net/rechargio/rechargio/assets/img/payment/visas.png]
[pixner.net/rechargio/rechargio/assets/img/payment/fastpay.png]
[pixner.net/rechargio/rechargio/assets/img/payment/payoneer.png]
[pixner.net/rechargio/rechargio/assets/img/payment/mastercard.png]
[pixner.net/rechargio/rechargio/assets/img/svg/coludleft.svg]
[pixner.net/rechargio/rechargio/assets/img/details/friday-icon.png]
[pixner.net/rechargio/rechargio/assets/img/svg/colud1.svg]
[pixner.net/rechargio/rechargio/assets/img/details/more1.jpg]
[pixner.net/rechargio/rechargio/assets/img/details/more2.jpg]
[pixner.net/rechargio/rechargio/assets/img/details/more3.jpg]
[pixner.net/rechargio/rechargio/hotel-details.html]
[pixner.net/rechargio/rechargio/assets/img/details/condetails1.jpg]
[pixner.net/rechargio/rechargio/assets/img/details/condetails2.jpg]
[pixner.net/rechargio/rechargio/assets/img/svg/person.svg]
[pixner.net/rechargio/rechargio/hotel-details-confirm.html]
[pixner.net/rechargio/rechargio/hotel-payment.html]
[pixner.net/rechargio/rechargio/assets/img/svg/info-cancel.svg]
[pixner.net/rechargio/rechargio/assets/img/svg/call.svg]
[pixner.net/rechargio/rechargio/assets/img/svg/message.svg]
[pixner.net/rechargio/rechargio/assets/img/svg/parker-map.svg]
[pixner.net/rechargio/rechargio/print]
[pixner.net/rechargio/rechargio/hotel-invoice.html]
[pixner.net/rechargio/rechargio/hotel-email.html]
[pixner.net/rechargio/rechargio/assets/img/svg/pringting.svg]
[pixner.net/rechargio/rechargio/assets/img/payment/deltas.jpg]
[pixner.net/rechargio/rechargio/assets/img/svg/singlecoffee.svg]
[pixner.net/rechargio/rechargio/assets/img/svg/radio.svg]
[pixner.net/rechargio/rechargio/assets/img/payment/aairliness.jpg]
[pixner.net/rechargio/rechargio/assets/img/payment/jalairlines.jpg]
[pixner.net/rechargio/rechargio/assets/img/payment/royelairlines.jpg]
[pixner.net/rechargio/rechargio/assets/img/payment/aeroflotairlines.jpg]
[pixner.net/rechargio/rechargio/flight-round.html]
[pixner.net/rechargio/rechargio/flight-oneway.html]
[pixner.net/rechargio/rechargio/assets/img/svg/pbag1.svg]
[pixner.net/rechargio/rechargio/assets/img/svg/over-check.svg]
[pixner.net/rechargio/rechargio/assets/img/svg/pbag2.svg]
[pixner.net/rechargio/rechargio/assets/img/svg/pbag3.svg]
[pixner.net/rechargio/rechargio/assets/img/svg/cross.svg]
[pixner.net/rechargio/rechargio/assets/img/svg/covid19.svg]
[pixner.net/rechargio/rechargio/flight-confirm-details.html]
[pixner.net/rechargio/rechargio/flight-payment.html]
[pixner.net/rechargio/rechargio/assets/img/svg/clocks.svg]
[pixner.net/rechargio/rechargio/assets/img/details/reapp.png]
[pixner.net/rechargio/rechargio/assets/img/details/qr.jpg]
[pixner.net/rechargio/rechargio/flight-invoice.html]
[pixner.net/rechargio/rechargio/flight-email.html]
[pixner.net/rechargio/rechargio/assets/img/payment/bbel.jpg]
[pixner.net/rechargio/rechargio/assets/img/payment/nortex.jpg]
[pixner.net/rechargio/rechargio/assets/img/payment/southzoon.jpg]
[pixner.net/rechargio/rechargio/train-list.html]
[pixner.net/rechargio/rechargio/train-grid.html]
[pixner.net/rechargio/rechargio/train-oneway.html]
[pixner.net/rechargio/rechargio/assets/img/allseat/selectted.png]
[pixner.net/rechargio/rechargio/assets/img/allseat/booked.png]
[pixner.net/rechargio/rechargio/assets/img/allseat/available.png]
[pixner.net/rechargio/rechargio/assets/img/allseat/a.png]
[pixner.net/rechargio/rechargio/assets/img/allseat/b.png]
[pixner.net/rechargio/rechargio/assets/img/allseat/c.png]
[pixner.net/rechargio/rechargio/assets/img/allseat/d.png]
[pixner.net/rechargio/rechargio/assets/img/allseat/e.png]
[pixner.net/rechargio/rechargio/assets/img/allseat/f.png]
[pixner.net/rechargio/rechargio/assets/img/allseat/g.png]
[pixner.net/rechargio/rechargio/assets/img/allseat/h.png]
[pixner.net/rechargio/rechargio/assets/img/allseat/i.png]
[pixner.net/rechargio/rechargio/assets/img/allseat/j.png]
[pixner.net/rechargio/rechargio/assets/img/allseat/k.png]
[pixner.net/rechargio/rechargio/assets/img/allseat/l.png]
[pixner.net/rechargio/rechargio/assets/img/allseat/m.png]
[pixner.net/rechargio/rechargio/assets/img/allseat/n.png]
[pixner.net/rechargio/rechargio/assets/img/allseat/o.png]
[pixner.net/rechargio/rechargio/assets/img/allseat/p.png]
[pixner.net/rechargio/rechargio/assets/img/allseat/q.png]
[pixner.net/rechargio/rechargio/assets/img/allseat/r.png]
[pixner.net/rechargio/rechargio/assets/img/allseat/s.png]
[pixner.net/rechargio/rechargio/assets/img/allseat/t.png]
[pixner.net/rechargio/rechargio/assets/img/allseat/u.png]
[pixner.net/rechargio/rechargio/assets/img/allseat/v.png]
[pixner.net/rechargio/rechargio/assets/img/allseat/w.png]
[pixner.net/rechargio/rechargio/assets/img/allseat/y.png]
[pixner.net/rechargio/rechargio/assets/img/allseat/z.png]
[pixner.net/rechargio/rechargio/assets/img/allseat/seat-a.png]
[pixner.net/rechargio/rechargio/assets/img/allseat/seat-b.png]
[pixner.net/rechargio/rechargio/assets/img/allseat/seat-s.png]
[pixner.net/rechargio/rechargio/assets/img/allseat/seat-amain.png]
[pixner.net/rechargio/rechargio/assets/img/allseat/seat-bmain.png]
[pixner.net/rechargio/rechargio/train-bookingsystem.html]
[pixner.net/rechargio/rechargio/train-confirm-details.html]
[pixner.net/rechargio/rechargio/train-payment.html]
[pixner.net/rechargio/rechargio/train-invocie.html]
[pixner.net/rechargio/rechargio/train-email.html]
[pixner.net/rechargio/rechargio/bus-list.html]
[pixner.net/rechargio/rechargio/bus-oneway.html]
[pixner.net/rechargio/rechargio/assets/img/allseat/stering.png]
[pixner.net/rechargio/rechargio/assets/img/allseat/seat-smain.png]
[pixner.net/rechargio/rechargio/bus-bookingsystem.html]
[pixner.net/rechargio/rechargio/bus-confirm-details.html]
[pixner.net/rechargio/rechargio/bus-payment.html]
[pixner.net/rechargio/rechargio/bus-invocie.html]
[pixner.net/rechargio/rechargio/bus-email.html]
[pixner.net/rechargio/rechargio/assets/img/cars/ferrari.jpg]
[pixner.net/rechargio/rechargio/assets/img/svg/lock.svg]
[pixner.net/rechargio/rechargio/assets/img/svg/setting.svg]
[pixner.net/rechargio/rechargio/assets/img/svg/speeder.svg]
[pixner.net/rechargio/rechargio/assets/img/svg/acs.svg]
[pixner.net/rechargio/rechargio/assets/img/cars/cadillac.jpg]
[pixner.net/rechargio/rechargio/assets/img/cars/chevrolet.jpg]
[pixner.net/rechargio/rechargio/assets/img/cars/datsun.jpg]
[pixner.net/rechargio/rechargio/assets/img/cars/bmw.jpg]
[pixner.net/rechargio/rechargio/car-list.html]
[pixner.net/rechargio/rechargio/car-grid.html]
[pixner.net/rechargio/rechargio/assets/img/details/farrari-invocie.jpg]
[pixner.net/rechargio/rechargio/car-confirm-details.html]
[pixner.net/rechargio/rechargio/car-payment.html]
[pixner.net/rechargio/rechargio/car-invocie.html]
[pixner.net/rechargio/rechargio/car-email.html]
[pixner.net/rechargio/rechargio/assets/img/blog/list1.jpg]
[pixner.net/rechargio/rechargio/assets/img/blog/list2.jpg]
[pixner.net/rechargio/rechargio/assets/img/blog/list3.jpg]
[pixner.net/rechargio/rechargio/assets/img/blog/list4.jpg]
[pixner.net/rechargio/rechargio/assets/img/blog/list5.jpg]
[pixner.net/rechargio/rechargio/0]
[pixner.net/rechargio/rechargio/assets/img/svg/linkedin.svg]
[pixner.net/rechargio/rechargio/assets/img/blog/liss1.jpg]
[pixner.net/rechargio/rechargio/assets/img/blog/lists2.jpg]
[pixner.net/rechargio/rechargio/assets/img/blog/lists3.jpg]
[pixner.net/rechargio/rechargio/blog-list.html]
[pixner.net/rechargio/rechargio/assets/img/blog/list6.jpg]
[pixner.net/rechargio/rechargio/blog-grid.html]
[pixner.net/rechargio/rechargio/assets/img/blog/detailsb1.jpg]
[pixner.net/rechargio/rechargio/assets/img/svg/calen.svg]
[pixner.net/rechargio/rechargio/assets/img/blog/woman1.jpg]
[pixner.net/rechargio/rechargio/assets/img/blog/woman2.jpg]
[pixner.net/rechargio/rechargio/assets/img/blog/wman3.jpg]
[pixner.net/rechargio/rechargio/assets/img/blog/comm.png]
[pixner.net/rechargio/rechargio/assets/img/blog/replay-man.png]
[pixner.net/rechargio/rechargio/assets/img/blog/comm1.png]
[pixner.net/rechargio/rechargio/blog-details.html]
[pixner.net/rechargio/rechargio/about.html]
[pixner.net/rechargio/rechargio/assets/img/blog/profile-edit.png]
[pixner.net/rechargio/rechargio/assets/img/svg/pen-edit.svg]
[pixner.net/rechargio/rechargio/assets/img/svg/three-dots.svg]
[pixner.net/rechargio/rechargio/assets/img/svg/user-search.svg]
[pixner.net/rechargio/rechargio/assets/img/blog/barry.png]
[pixner.net/rechargio/rechargio/assets/img/blog/stone.png]
[pixner.net/rechargio/rechargio/assets/img/blog/sofia.png]
[pixner.net/rechargio/rechargio/assets/img/blog/martin.png]
[pixner.net/rechargio/rechargio/assets/img/blog/pjohn.png]
[pixner.net/rechargio/rechargio/assets/img/blog/gwillam.png]
[pixner.net/rechargio/rechargio/assets/img/blog/oliviamark.png]
[pixner.net/rechargio/rechargio/assets/img/blog/karlene.png]
[pixner.net/rechargio/rechargio/assets/img/svg/dphone.svg]
[pixner.net/rechargio/rechargio/assets/img/blog/s-darlene.png]
[pixner.net/rechargio/rechargio/assets/img/blog/king.png]
[pixner.net/rechargio/rechargio/assets/img/svg/small-icon.svg]
[pixner.net/rechargio/rechargio/assets/img/svg/adfile.svg]
[pixner.net/rechargio/rechargio/assets/img/svg/s-speker.svg]
[pixner.net/rechargio/rechargio/chat-us.html]
[pixner.net/rechargio/rechargio/assets/img/svg/rocket.svg]
[pixner.net/rechargio/rechargio/assets/img/svg/log.svg]
[pixner.net/rechargio/rechargio/assets/img/svg/badge.svg]
[pixner.net/rechargio/rechargio/debit-creadit.html]
[pixner.net/rechargio/rechargio/assets/img/svg/creadits.svg]
[pixner.net/rechargio/rechargio/assets/img/svg/file-transfer.svg]
[pixner.net/rechargio/rechargio/assets/img/svg/password-change.svg]
[pixner.net/rechargio/rechargio/assets/img/svg/notifications.svg]
[pixner.net/rechargio/rechargio/assets/img/payment/verizon.png]
[pixner.net/rechargio/rechargio/payment.html]
[pixner.net/rechargio/rechargio/assets/img/svg/edits.svg]
[pixner.net/rechargio/rechargio/assets/img/payment/met.png]
[pixner.net/rechargio/rechargio/assets/img/payment/sprint.png]
[pixner.net/rechargio/rechargio/assets/img/payment/ata5g.png]
[pixner.net/rechargio/rechargio/favourites.html]
[pixner.net/rechargio/rechargio/assets/img/svg/forums.svg]
[pixner.net/rechargio/rechargio/assets/img/svg/support.svg]
[pixner.net/rechargio/rechargio/assets/img/svg/documentetion.svg]
[pixner.net/rechargio/rechargio/assets/img/svg/configur-auto.svg]
[pixner.net/rechargio/rechargio/assets/img/svg/portalsetup.svg]
[pixner.net/rechargio/rechargio/assets/img/svg/adsetting.svg]
[pixner.net/rechargio/rechargio/assets/img/svg/checktwo.svg]
[pixner.net/rechargio/rechargio/help.html]
[pixner.net/rechargio/rechargio/assets/img/svg/addcomment.svg]
[pixner.net/rechargio/rechargio/assets/img/svg/bgcheck.svg]
[pixner.net/rechargio/rechargio/assets/img/blog/ru1.jpg]
[pixner.net/rechargio/rechargio/assets/img/blog/ru2.jpg]
[pixner.net/rechargio/rechargio/assets/img/blog/ru3.jpg]
[pixner.net/rechargio/rechargio/assets/img/blog/ru4.jpg]
[pixner.net/rechargio/rechargio/help-support.html]
[pixner.net/rechargio/rechargio/help-knowledge.html]
[pixner.net/rechargio/rechargio/help-knowledge-details.html]
[pixner.net/rechargio/rechargio/assets/img/blog/vd1.jpg]
[pixner.net/rechargio/rechargio/assets/img/blog/vd2.jpg]
[pixner.net/rechargio/rechargio/assets/img/blog/vd3.jpg]
[pixner.net/rechargio/rechargio/assets/img/blog/vd4.jpg]
[pixner.net/rechargio/rechargio/assets/img/blog/vd5.jpg]
[pixner.net/rechargio/rechargio/assets/img/blog/vd6.jpg]
[pixner.net/rechargio/rechargio/assets/img/blog/vd7.jpg]
[pixner.net/rechargio/rechargio/assets/img/blog/vd8.jpg]
[pixner.net/rechargio/rechargio/assets/img/blog/vd9.jpg]
[pixner.net/rechargio/rechargio/video-tutorial.html]
[pixner.net/rechargio/rechargio/assets/img/signup/submit-ticket.png]
[pixner.net/rechargio/rechargio/submit-ticket.html]
[pixner.net/rechargio/rechargio/personal-information.html]
[pixner.net/rechargio/rechargio/login-security.html]
[pixner.net/rechargio/rechargio/assets/img/payment/g-check.png]
[pixner.net/rechargio/rechargio/assets/img/payment/g-cross.png]
[pixner.net/rechargio/rechargio/assets/img/payment/g-worning.png]
[pixner.net/rechargio/rechargio/transaction.html]
[pixner.net/rechargio/rechargio/password-change.html]
[pixner.net/rechargio/rechargio/notification.html]
[pixner.net/rechargio/rechargio/password.html]
[pixner.net/rechargio/rechargio/assets/img/details/us.png]
[pixner.net/rechargio/rechargio/number-toreach.html]
[pixner.net/rechargio/rechargio/varified-number.html]
[pixner.net/rechargio/rechargio/assets/img/svg/recharge.svg]
[pixner.net/rechargio/rechargio/assets/img/svg/checkpayment.svg]
[pixner.net/rechargio/rechargio/faq.html]
[pixner.net/rechargio/rechargio/assets/img/svg/bookmoney.svg]
[pixner.net/rechargio/rechargio/assets/img/signup/phone.png]
[pixner.net/rechargio/rechargio/assets/img/signup/email.png]
[pixner.net/rechargio/rechargio/assets/img/signup/map.png]
[pixner.net/rechargio/rechargio/contact.html]
[pixner.net/rechargio/rechargio/assets/img/signup/error.png]
[pixner.net/rechargio/rechargio/error.html]
[pixner.net/rechargio/rechargio/blocks-round.html]
[pixner.net/rechargio/rechargio/typography.html]
[pixner.net/rechargio/rechargio/blocks-home.html]
[pixner.net/rechargio/rechargio/blocks-allblocks.html]
[pixner.net/rechargio/rechargio/blocks-successful.html]
[pixner.net/rechargio/rechargio/assets/img/payment/balance.png]
[pixner.net/rechargio/rechargio/order-summary.html]
[pixner.net/rechargio/rechargio/assets/img/payment/bang.png]
[pixner.net/rechargio/rechargio/assets/img/payment/bsnl.png]
[pixner.net/rechargio/rechargio/assets/img/payment/easygo.png]
[pixner.net/rechargio/rechargio/blocks-ordersystem.html]
[pixner.net/rechargio/rechargio/blocks-about.html]
[pixner.net/rechargio/rechargio/blocks-list.html]
[pixner.net/rechargio/rechargio/blocks-grid.html]
[pixner.net/rechargio/rechargio/blocks-invoice.html]
[pixner.net/rechargio/rechargio/blocks-signin.html]
[pixner.net/rechargio/rechargio/blocks-confirm-details.html]
[pixner.net/rechargio/rechargio/blocks-payments.html]
[pixner.net/rechargio/rechargio/successful.html]
[pixner.net/rechargio/rechargio/assets/img/payment/cr3.png]
[pixner.net/rechargio/rechargio/assets/img/payment/cr1.png]
[pixner.net/rechargio/rechargio/assets/img/payment/cr2.png]
[pixner.net/rechargio/rechargio/assets/img/payment/payplus.png]
[pixner.net/rechargio/rechargio/blocks-personalinfo.html]
[pixner.net/rechargio/rechargio/blocks-testimonial.html]
[pixner.net/rechargio/rechargio/blocks-faqs.html]
[pixner.net/rechargio/rechargio/blocks-support.html]
[pixner.net/rechargio/rechargio/blocks-contact.html]
[pixner.net/rechargio/rechargio/blocks-error.html]
[pixner.net/rechargio/rechargio/page1.html]
[pixner.net/rechargio/rechargio/assets/img/svg/phone.svg]
[pixner.net/rechargio/rechargio/assets/img/svg/card.svg]
[pixner.net/rechargio/rechargio/assets/img/svg/broadband.svg]
[pixner.net/rechargio/rechargio/assets/img/svg/landphone.svg]
[pixner.net/rechargio/rechargio/assets/img/svg/tv.svg]
[pixner.net/rechargio/rechargio/assets/img/svg/eletricity.svg]
[pixner.net/rechargio/rechargio/assets/img/svg/gas.svg]
[pixner.net/rechargio/rechargio/assets/img/svg/water.svg]
[pixner.net/rechargio/rechargio/order.html]
[pixner.net/rechargio/rechargio/assets/img/svg/facebook.svg]
[pixner.net/rechargio/rechargio/assets/img/svg/instagram.svg]
[pixner.net/rechargio/rechargio/assets/img/svg/twitter.svg]
[pixner.net/rechargio/rechargio/assets/img/svg/ball.svg]
[pixner.net/rechargio/rechargio/assets/css/bootstrap.min.css]
[pixner.net/rechargio/rechargio/assets/css/odometer.min.css]
[pixner.net/rechargio/rechargio/assets/css/animate.css]
[pixner.net/rechargio/rechargio/assets/css/magnific-popup.min.css]
[pixner.net/rechargio/rechargio/assets/css/google-font.css]
[pixner.net/rechargio/rechargio/assets/css/owl.video.play.png]
[pixner.net/rechargio/rechargio/assets/css/owl.carousel.min.css]
[pixner.net/rechargio/rechargio/assets/css/owl.theme.default.css]
[pixner.net/rechargio/rechargio/assets/css/prism.css]
[pixner.net/rechargio/rechargio/assets/img/svg/dropdown.svg]
[pixner.net/rechargio/rechargio/assets/img/svg/w-chaeck.svg]
[pixner.net/rechargio/rechargio/assets/img/banner/cardhero2.jpg]
[pixner.net/rechargio/rechargio/card2.html]
[pixner.net/rechargio/rechargio/assets/img/banner/broadband2.jpg]
[pixner.net/rechargio/rechargio/broadband2.html]
[pixner.net/rechargio/rechargio/assets/img/banner/landline2.jpg]
[pixner.net/rechargio/rechargio/landline2.html]
[pixner.net/rechargio/rechargio/apply]
[pixner.net/rechargio/rechargio/assets/img/banner/cabletv2.jpg]
[pixner.net/rechargio/rechargio/cabletv2.html]
[pixner.net/rechargio/rechargio/assets/img/banner/eletronic2.jpg]
[pixner.net/rechargio/rechargio/electricity2.html]
[pixner.net/rechargio/rechargio/assets/img/banner/gas2.jpg]
[pixner.net/rechargio/rechargio/gas2.html]
[pixner.net/rechargio/rechargio/assets/img/banner/water2.jpg]
[pixner.net/rechargio/rechargio/water2.html]
[pixner.net/rechargio/rechargio/bill.html]
[pixner.net/rechargio/rechargio/booking.html]
[pixner.net/rechargio/rechargio/blocks-working.html]
[pixner.net/rechargio/rechargio/shop.html]
[pixner.net/rechargio/rechargio/book.html]
[pixner.net/rechargio/rechargio/assets/img/pricing/check.svg]
[pixner.net/rechargio/rechargio/assets/img/svg/star.svg]
[pixner.net/rechargio/rechargio/assets/img/svg/coffee.svg]
[pixner.net/rechargio/rechargio/assets/img/svg/swing.svg]
[pixner.net/rechargio/rechargio/assets/img/svg/facilities-bussen.svg]
[pixner.net/rechargio/rechargio/assets/img/svg/bedss.svg]
[pixner.net/rechargio/rechargio/assets/img/svg/wifis.svg]
[pixner.net/rechargio/rechargio/assets/img/svg/gum.svg]
[pixner.net/rechargio/rechargio/assets/img/svg/mlocation.svg]
[pixner.net/rechargio/rechargio/assets/img/svg/cable.svg]
[pixner.net/rechargio/rechargio/assets/img/svg/ironing.svg]
[pixner.net/rechargio/rechargio/assets/img/svg/bathub.svg]
[pixner.net/rechargio/rechargio/assets/img/svg/lobby.svg]
[pixner.net/rechargio/rechargio/assets/img/svg/disabled-access.svg]
[pixner.net/rechargio/rechargio/assets/img/svg/rentcar.svg]
[pixner.net/rechargio/rechargio/assets/img/svg/hairdryer.svg]
[pixner.net/rechargio/rechargio/assets/img/svg/singlebess.svg]
[pixner.net/rechargio/rechargio/assets/img/svg/teacoffe.svg]
[pixner.net/rechargio/rechargio/assets/img/svg/airconditioner.svg]
[pixner.net/rechargio/rechargio/assets/img/svg/zoominnout.svg]
[pixner.net/rechargio/rechargio/assets/img/svg/flike.svg]
[pixner.net/rechargio/rechargio/assets/img/svg/comments.svg]
[pixner.net/rechargio/rechargio/assets/img/svg/sshare.svg]
[pixner.net/rechargio/rechargio/assets/img/svg/coludleft.svg]
[pixner.net/rechargio/rechargio/assets/img/svg/colud1.svg]
[pixner.net/rechargio/rechargio/assets/img/svg/person.svg]
[pixner.net/rechargio/rechargio/assets/img/svg/info-cancel.svg]
[pixner.net/rechargio/rechargio/assets/img/svg/call.svg]
[pixner.net/rechargio/rechargio/assets/img/svg/message.svg]
[pixner.net/rechargio/rechargio/assets/img/svg/parker-map.svg]
[pixner.net/rechargio/rechargio/print.html]
[pixner.net/rechargio/rechargio/assets/img/svg/pringting.svg]
[pixner.net/rechargio/rechargio/assets/img/svg/singlecoffee.svg]
[pixner.net/rechargio/rechargio/assets/img/svg/radio.svg]
[pixner.net/rechargio/rechargio/assets/img/svg/pbag1.svg]
[pixner.net/rechargio/rechargio/assets/img/svg/over-check.svg]
[pixner.net/rechargio/rechargio/assets/img/svg/pbag2.svg]
[pixner.net/rechargio/rechargio/assets/img/svg/pbag3.svg]
[pixner.net/rechargio/rechargio/assets/img/svg/cross.svg]
[pixner.net/rechargio/rechargio/assets/img/svg/covid19.svg]
[pixner.net/rechargio/rechargio/assets/img/svg/clocks.svg]
[pixner.net/rechargio/rechargio/assets/img/svg/lock.svg]
[pixner.net/rechargio/rechargio/assets/img/svg/setting.svg]
[pixner.net/rechargio/rechargio/assets/img/svg/speeder.svg]
[pixner.net/rechargio/rechargio/assets/img/svg/acs.svg]
[pixner.net/rechargio/rechargio/0.html]
[pixner.net/rechargio/rechargio/assets/img/svg/linkedin.svg]
[pixner.net/rechargio/rechargio/assets/img/svg/calen.svg]
[pixner.net/rechargio/rechargio/assets/img/svg/pen-edit.svg]
[pixner.net/rechargio/rechargio/assets/img/svg/three-dots.svg]
[pixner.net/rechargio/rechargio/assets/img/svg/user-search.svg]
[pixner.net/rechargio/rechargio/assets/img/svg/dphone.svg]
[pixner.net/rechargio/rechargio/assets/img/svg/small-icon.svg]
[pixner.net/rechargio/rechargio/assets/img/svg/adfile.svg]
[pixner.net/rechargio/rechargio/assets/img/svg/s-speker.svg]
[pixner.net/rechargio/rechargio/assets/img/svg/rocket.svg]
[pixner.net/rechargio/rechargio/assets/img/svg/log.svg]
[pixner.net/rechargio/rechargio/assets/img/svg/badge.svg]
[pixner.net/rechargio/rechargio/debit-creadit.html]
[pixner.net/rechargio/rechargio/assets/img/svg/creadits.svg]
[pixner.net/rechargio/rechargio/assets/img/svg/file-transfer.svg]
[pixner.net/rechargio/rechargio/assets/img/svg/password-change.svg]
[pixner.net/rechargio/rechargio/assets/img/svg/notifications.svg]
[pixner.net/rechargio/rechargio/payment.html]
[pixner.net/rechargio/rechargio/assets/img/svg/edits.svg]
[pixner.net/rechargio/rechargio/assets/img/svg/forums.svg]
[pixner.net/rechargio/rechargio/assets/img/svg/support.svg]
[pixner.net/rechargio/rechargio/assets/img/svg/documentetion.svg]
[pixner.net/rechargio/rechargio/assets/img/svg/configur-auto.svg]
[pixner.net/rechargio/rechargio/assets/img/svg/portalsetup.svg]
[pixner.net/rechargio/rechargio/assets/img/svg/adsetting.svg]
[pixner.net/rechargio/rechargio/assets/img/svg/checktwo.svg]
[pixner.net/rechargio/rechargio/assets/img/svg/addcomment.svg]
[pixner.net/rechargio/rechargio/assets/img/svg/bgcheck.svg]
[pixner.net/rechargio/rechargio/assets/img/svg/recharge.svg]
[pixner.net/rechargio/rechargio/assets/img/svg/checkpayment.svg]
[pixner.net/rechargio/rechargio/assets/img/svg/bookmoney.svg]
[pixner.net/rechargio/rechargio/blocks-round.html]
[pixner.net/rechargio/rechargio/blocks-successful.html]
[pixner.net/rechargio/rechargio/order-summary.html]
[pixner.net/rechargio/rechargio/assets/css/owl.video.play.html]
[pixner.net/rechargio/rechargio/apply.html]
